// Jest Snapshot v1, https://goo.gl/fbAQLP

exports[`Inspect Should load completions for select cast type: SELECT 'Active'::sâ€¸t: select cast type 1`] = `
Array [
  Object {
    "name": "order_state",
    "source": undefined,
  },
  Object {
    "name": "account_state",
    "source": "Lifecycle of account",
  },
  Object {
    "name": "contact_titles",
    "source": undefined,
  },
  Object {
    "name": "account_payment_plans",
    "source": undefined,
  },
  Object {
    "name": "tariff_types",
    "source": undefined,
  },
  Object {
    "name": "installation_types",
    "source": undefined,
  },
  Object {
    "name": "installation_technology_types",
    "source": undefined,
  },
  Object {
    "name": "installation_property_type",
    "source": undefined,
  },
  Object {
    "name": "installation_export_type",
    "source": undefined,
  },
  Object {
    "name": "contract_scheme_types",
    "source": undefined,
  },
  Object {
    "name": "meter_reads_types",
    "source": undefined,
  },
  Object {
    "name": "meter_types",
    "source": undefined,
  },
  Object {
    "name": "account_levelisation_state",
    "source": undefined,
  },
  Object {
    "name": "issue_state",
    "source": undefined,
  },
  Object {
    "name": "issue_type",
    "source": undefined,
  },
  Object {
    "name": "issue_reference_type",
    "source": undefined,
  },
  Object {
    "name": "payments_type",
    "source": undefined,
  },
  Object {
    "name": "process_item_status",
    "source": undefined,
  },
  Object {
    "name": "inventory_item",
    "source": undefined,
  },
  Object {
    "name": "bool",
    "source": "Native",
  },
  Object {
    "name": "char",
    "source": "Native",
  },
  Object {
    "name": "varchar",
    "source": "Native",
  },
  Object {
    "name": "int",
    "source": "Native",
  },
  Object {
    "name": "decimal",
    "source": "Native",
  },
  Object {
    "name": "float",
    "source": "Native",
  },
  Object {
    "name": "serial",
    "source": "Native",
  },
  Object {
    "name": "date",
    "source": "Native",
  },
  Object {
    "name": "timestamp",
    "source": "Native",
  },
  Object {
    "name": "time",
    "source": "Native",
  },
]
`;
