// Jest Snapshot v1, https://goo.gl/fbAQLP

exports[`Inspect Should load quick info for generated column: SELECT contacts.ts_‸vector_search FROM specific_pg_version.contacts: generated column 1`] = `
{
  "description": "From: specific_pg_version.contacts Table

---

to_tsvector('english'::regconfig, ((first_name)::text || (last_name)::text))",
  "display": "ts_vector_search tsvector GENERATED",
  "end": 31,
  "start": 16,
}
`;

exports[`Inspect Should load quick info for table with generated column: SELECT contacts FROM specific_pg_version.cont‸acts: table with generated column 1`] = `
{
  "description": "|Name|Type|
|---|---|
|id|**integer** \`NOT_NULL\`|
|first_name|**character varying** \`NOT_NULL\`|
|last_name|**character varying** \`NOT_NULL\`|
|ts_vector_search|**tsvector** \`NULL\` \`GENERATED\`|
||to_tsvector('english'::regconfig, ((first_name)::text || (last_name)::text))|",
  "display": "specific_pg_version.contacts Table",
  "end": 48,
  "start": 41,
}
`;
